// Jest Snapshot v1, https://goo.gl/fbAQLP

exports[`Pruebas en el componente <RegisterScreen /> debe mostrarse el snashopt correctamente 1`] = `
Array [
  <h3
    className="auth__title"
  >
    Register
  </h3>,
  <form
    className="animate__animated animate__pulse animate__faster"
    onSubmit={[Function]}
  >
    <input
      autoComplete="off"
      className="auth__input"
      name="name"
      onChange={[Function]}
      placeholder="Name"
      type="text"
      value="oscar"
    />
    <input
      autoComplete="off"
      className="auth__input"
      name="email"
      onChange={[Function]}
      placeholder="Email"
      type="text"
      value="oscar@gmail.com"
    />
    <input
      className="auth__input"
      name="password"
      onChange={[Function]}
      placeholder="Password"
      type="password"
      value="Hola123"
    />
    <input
      className="auth__input"
      name="password2"
      onChange={[Function]}
      placeholder="Confirm password"
      type="password"
      value="Hola123"
    />
    <button
      className="btn btn-primary btn-block mb-5"
      type="submit"
    >
      Register
    </button>
    <a
      className="link"
      href="/auth/login"
      onClick={[Function]}
    >
      Already register?
    </a>
  </form>,
]
`;
