// Jest Snapshot v1, https://goo.gl/fbAQLP

exports[`Pruebas en el componente <JournalEntry /> debe mostrar el snapshot correctamente  1`] = `
<div
  className="journal__entry pointer animate__animated animate__backInLeft animate__faster"
  onClick={[Function]}
>
  <div
    className="journal__entry-picture"
    style={
      Object {
        "backgroundImage": "url(https://res.cloudinary.com/dhc6rsfox/image/upload/v1596500035/axoj3ozqkbfxxdch6tn1.jpg)",
        "backgroundSize": "cover",
      }
    }
  />
  <div
    className="journal__entry-body"
  >
    <p
      className="journal__entry-title"
    >
      Solfeo
    </p>
    <p
      className="journal__entry-content"
    >
      30 minutos.
    </p>
  </div>
  <div
    className="journal__entry-date-box"
  >
    <span>
      Monday
    </span>
    <h4>
      27th
    </h4>
  </div>
</div>
`;
